src/app/(app)/analytics/page.tsx(57,61): error TS1005: ',' expected.
src/app/(app)/analytics/page.tsx(57,62): error TS1005: ':' expected.
src/app/(app)/analytics/page.tsx(58,79): error TS1005: ',' expected.
src/app/(app)/analytics/page.tsx(58,84): error TS1005: ':' expected.
src/app/(app)/analytics/page.tsx(58,115): error TS1005: '}' expected.
src/app/(app)/analytics/page.tsx(58,116): error TS1005: ':' expected.
src/app/(app)/analytics/page.tsx(58,118): error TS1005: ',' expected.
src/app/(app)/analytics/page.tsx(60,46): error TS1005: ',' expected.
src/app/(app)/analytics/page.tsx(60,48): error TS1005: ',' expected.
src/app/(app)/analytics/page.tsx(60,54): error TS1005: ',' expected.
src/app/(app)/analytics/page.tsx(119,34): error TS1005: ',' expected.
src/app/(app)/analytics/page.tsx(119,51): error TS1351: An identifier or keyword cannot immediately follow a numeric literal.
src/app/(app)/analytics/page.tsx(119,56): error TS1127: Invalid character.
src/app/(app)/analytics/page.tsx(119,57): error TS1005: ',' expected.
src/app/(app)/analytics/page.tsx(119,61): error TS1005: ',' expected.
src/app/(app)/analytics/page.tsx(119,61): error TS1351: An identifier or keyword cannot immediately follow a numeric literal.
src/app/(app)/analytics/page.tsx(119,65): error TS1127: Invalid character.
src/app/(app)/analytics/page.tsx(119,66): error TS1005: ',' expected.
src/app/(app)/analytics/page.tsx(119,67): error TS1005: ',' expected.
src/app/(app)/analytics/page.tsx(119,67): error TS1351: An identifier or keyword cannot immediately follow a numeric literal.
src/app/(app)/analytics/page.tsx(120,30): error TS1005: ',' expected.
src/app/(app)/analytics/page.tsx(120,31): error TS1005: ',' expected.
src/app/(app)/analytics/page.tsx(120,32): error TS1136: Property assignment expected.
src/app/(app)/analytics/page.tsx(120,56): error TS1005: ',' expected.
src/app/(app)/analytics/page.tsx(120,59): error TS1443: Module declaration names may only use ' or " quoted strings.
src/app/(app)/analytics/page.tsx(134,47): error TS1434: Unexpected keyword or identifier.
src/app/(app)/analytics/page.tsx(134,128): error TS1109: Expression expected.
src/app/(app)/analytics/page.tsx(135,46): error TS1005: ';' expected.
src/app/(app)/analytics/page.tsx(156,57): error TS1005: ';' expected.
src/app/(app)/analytics/page.tsx(156,68): error TS1109: Expression expected.
src/app/(app)/analytics/page.tsx(217,46): error TS1005: ';' expected.
src/app/(app)/analytics/page.tsx(217,91): error TS1443: Module declaration names may only use ' or " quoted strings.
src/app/(app)/analytics/page.tsx(220,37): error TS1434: Unexpected keyword or identifier.
src/app/(app)/analytics/page.tsx(234,1): error TS1160: Unterminated template literal.
src/app/(app)/api-keys/page.tsx(46,43): error TS1005: ',' expected.
src/app/(app)/api-keys/page.tsx(46,69): error TS1005: ',' expected.
src/app/(app)/api-keys/page.tsx(50,48): error TS1005: ',' expected.
src/app/(app)/api-keys/page.tsx(50,72): error TS1005: ',' expected.
src/app/(app)/api-keys/page.tsx(62,5): error TS2657: JSX expressions must have one parent element.
src/app/(app)/api-keys/page.tsx(82,89): error TS1005: ',' expected.
src/app/(app)/api-keys/page.tsx(82,168): error TS1005: '}' expected.
src/app/(app)/api-keys/page.tsx(105,30): error TS1005: '}' expected.
src/app/(app)/api-keys/page.tsx(105,31): error TS1351: An identifier or keyword cannot immediately follow a numeric literal.
src/app/(app)/api-keys/page.tsx(105,64): error TS1005: '}' expected.
src/app/(app)/api-keys/page.tsx(105,113): error TS1381: Unexpected token. Did you mean `{'}'}` or `&rbrace;`?
src/app/(app)/api-keys/page.tsx(107,19): error TS1381: Unexpected token. Did you mean `{'}'}` or `&rbrace;`?
src/app/(app)/api-keys/page.tsx(107,20): error TS1381: Unexpected token. Did you mean `{'}'}` or `&rbrace;`?
src/app/(app)/api-keys/page.tsx(107,21): error TS1382: Unexpected token. Did you mean `{'>'}` or `&gt;`?
src/app/(app)/api-keys/page.tsx(108,42): error TS1005: '}' expected.
src/app/(app)/api-keys/page.tsx(108,51): error TS1381: Unexpected token. Did you mean `{'}'}` or `&rbrace;`?
src/app/(app)/api-keys/page.tsx(109,19): error TS17002: Expected corresponding JSX closing tag for 'div'.
src/app/(app)/api-keys/page.tsx(110,17): error TS1381: Unexpected token. Did you mean `{'}'}` or `&rbrace;`?
src/app/(app)/api-keys/page.tsx(112,11): error TS1005: ')' expected.
src/app/(app)/api-keys/page.tsx(121,9): error TS1005: ')' expected.
src/app/(app)/api-keys/page.tsx(122,7): error TS1109: Expression expected.
src/app/(app)/api-keys/page.tsx(125,8): error TS17008: JSX element 'div' has no corresponding closing tag.
src/app/(app)/api-keys/page.tsx(127,109): error TS1005: '}' expected.
src/app/(app)/api-keys/page.tsx(169,1): error TS1005: '</' expected.
src/app/(app)/api-keys/page.tsx(169,1): error TS1160: Unterminated template literal.
src/app/(app)/automations/page.tsx(40,10): error TS1005: ',' expected.
src/app/(app)/automations/page.tsx(40,49): error TS1005: ',' expected.
src/app/(app)/automations/page.tsx(41,9): error TS1005: ',' expected.
src/app/(app)/automations/page.tsx(42,5): error TS1128: Declaration or statement expected.
src/app/(app)/automations/page.tsx(42,6): error TS1128: Declaration or statement expected.
src/app/(app)/automations/page.tsx(70,10): error TS1005: ',' expected.
src/app/(app)/automations/page.tsx(71,9): error TS1005: ',' expected.
src/app/(app)/automations/page.tsx(72,5): error TS1128: Declaration or statement expected.
src/app/(app)/automations/page.tsx(72,6): error TS1128: Declaration or statement expected.
src/app/(app)/automations/page.tsx(75,3): error TS1128: Declaration or statement expected.
src/app/(app)/automations/page.tsx(183,94): error TS1005: '}' expected.
src/app/(app)/automations/page.tsx(183,114): error TS1381: Unexpected token. Did you mean `{'}'}` or `&rbrace;`?
src/app/(app)/automations/page.tsx(184,204): error TS1382: Unexpected token. Did you mean `{'>'}` or `&gt;`?
src/app/(app)/automations/page.tsx(185,44): error TS1005: '}' expected.
src/app/(app)/automations/page.tsx(185,53): error TS1381: Unexpected token. Did you mean `{'}'}` or `&rbrace;`?
src/app/(app)/automations/page.tsx(186,17): error TS17002: Expected corresponding JSX closing tag for 'div'.
src/app/(app)/automations/page.tsx(192,11): error TS1005: ')' expected.
src/app/(app)/automations/page.tsx(193,11): error TS1381: Unexpected token. Did you mean `{'}'}` or `&rbrace;`?
src/app/(app)/automations/page.tsx(195,5): error TS1005: ')' expected.
src/app/(app)/automations/page.tsx(196,3): error TS1109: Expression expected.
src/app/(app)/automations/page.tsx(197,1): error TS1128: Declaration or statement expected.
src/app/(app)/billing/page.tsx(35,159): error TS1005: ',' expected.
src/app/(app)/billing/page.tsx(54,15): error TS1005: '}' expected.
src/app/(app)/billing/page.tsx(58,14): error TS1381: Unexpected token. Did you mean `{'}'}` or `&rbrace;`?
src/app/(app)/billing/page.tsx(78,92): error TS1005: ',' expected.
src/app/(app)/billing/page.tsx(94,165): error TS1005: ',' expected.
src/app/(app)/dashboard/page.tsx(57,45): error TS1011: An element access expression should take an argument.
src/app/(app)/dashboard/page.tsx(58,45): error TS1005: ',' expected.
src/app/(app)/dashboard/page.tsx(58,46): error TS1005: ':' expected.
src/app/(app)/dashboard/page.tsx(81,107): error TS1005: ')' expected.
src/app/(app)/dashboard/page.tsx(81,116): error TS1005: ';' expected.
src/app/(app)/dashboard/page.tsx(82,109): error TS1005: ')' expected.
src/app/(app)/dashboard/page.tsx(82,110): error TS1005: ',' expected.
src/app/(app)/dashboard/page.tsx(86,55): error TS1005: ',' expected.
src/app/(app)/dashboard/page.tsx(86,56): error TS1005: ':' expected.
src/app/(app)/dashboard/page.tsx(87,56): error TS1005: ',' expected.
src/app/(app)/dashboard/page.tsx(87,57): error TS1005: ':' expected.
src/app/(app)/dashboard/page.tsx(88,58): error TS1005: ',' expected.
src/app/(app)/dashboard/page.tsx(88,59): error TS1005: ':' expected.
src/app/(app)/dashboard/page.tsx(89,58): error TS1005: ',' expected.
src/app/(app)/dashboard/page.tsx(89,59): error TS1005: ':' expected.
src/app/(app)/dashboard/page.tsx(91,56): error TS1005: ')' expected.
src/app/(app)/dashboard/page.tsx(91,57): error TS1005: ':' expected.
src/app/(app)/dashboard/page.tsx(91,58): error TS1003: Identifier expected.
src/app/(app)/dashboard/page.tsx(137,13): error TS1005: '}' expected.
src/app/(app)/dashboard/page.tsx(144,141): error TS1005: '}' expected.
src/app/(app)/dashboard/page.tsx(144,156): error TS1381: Unexpected token. Did you mean `{'}'}` or `&rbrace;`?
src/app/(app)/dashboard/page.tsx(148,42): error TS1005: '}' expected.
src/app/(app)/dashboard/page.tsx(148,91): error TS1382: Unexpected token. Did you mean `{'>'}` or `&gt;`?
src/app/(app)/dashboard/page.tsx(148,120): error TS17002: Expected corresponding JSX closing tag for 'div'.
src/app/(app)/dashboard/page.tsx(148,132): error TS1381: Unexpected token. Did you mean `{'}'}` or `&rbrace;`?
src/app/(app)/dashboard/page.tsx(151,17): error TS1005: ')' expected.
src/app/(app)/dashboard/page.tsx(152,17): error TS1381: Unexpected token. Did you mean `{'}'}` or `&rbrace;`?
src/app/(app)/dashboard/page.tsx(154,12): error TS1381: Unexpected token. Did you mean `{'}'}` or `&rbrace;`?
src/app/(app)/dashboard/page.tsx(165,74): error TS1005: ',' expected.
src/app/(app)/dashboard/page.tsx(190,5): error TS1005: ')' expected.
src/app/(app)/dashboard/page.tsx(191,3): error TS1109: Expression expected.
src/app/(app)/deployments/page.tsx(38,181): error TS1005: ',' expected.
src/app/(app)/deployments/page.tsx(48,94): error TS1005: ',' expected.
src/app/(app)/integrations/page.tsx(75,70): error TS1005: ',' expected.
src/app/(app)/integrations/page.tsx(95,21): error TS1005: '}' expected.
src/app/(app)/integrations/page.tsx(97,20): error TS1381: Unexpected token. Did you mean `{'}'}` or `&rbrace;`?
src/app/(app)/logs/page.tsx(43,26): error TS1011: An element access expression should take an argument.
src/app/(app)/logs/page.tsx(56,61): error TS1011: An element access expression should take an argument.
src/app/(app)/logs/page.tsx(60,42): error TS1005: ',' expected.
src/app/(app)/logs/page.tsx(60,60): error TS1005: ',' expected.
src/app/(app)/logs/page.tsx(63,107): error TS1005: ')' expected.
src/app/(app)/logs/page.tsx(63,116): error TS1005: ';' expected.
src/app/(app)/logs/page.tsx(87,15): error TS1005: '}' expected.
src/app/(app)/logs/page.tsx(88,29): error TS1382: Unexpected token. Did you mean `{'>'}` or `&gt;`?
src/app/(app)/logs/page.tsx(94,57): error TS1005: ',' expected.
src/app/(app)/logs/page.tsx(95,57): error TS1005: ',' expected.
src/app/(app)/logs/page.tsx(112,14): error TS1381: Unexpected token. Did you mean `{'}'}` or `&rbrace;`?
src/app/(app)/logs/page.tsx(121,75): error TS1005: '}' expected.
src/app/(app)/logs/page.tsx(121,91): error TS1381: Unexpected token. Did you mean `{'}'}` or `&rbrace;`?
src/app/(app)/logs/page.tsx(130,65): error TS1005: ',' expected.
src/app/(app)/logs/page.tsx(130,83): error TS1005: ',' expected.
src/app/(app)/logs/page.tsx(131,74): error TS1005: ',' expected.
src/app/(app)/logs/page.tsx(131,92): error TS1005: '}' expected.
src/app/(app)/logs/page.tsx(131,118): error TS1381: Unexpected token. Did you mean `{'}'}` or `&rbrace;`?
src/app/(app)/logs/page.tsx(133,19): error TS1381: Unexpected token. Did you mean `{'}'}` or `&rbrace;`?
src/app/(app)/logs/page.tsx(133,20): error TS1381: Unexpected token. Did you mean `{'}'}` or `&rbrace;`?
src/app/(app)/logs/page.tsx(134,17): error TS1382: Unexpected token. Did you mean `{'>'}` or `&gt;`?
src/app/(app)/logs/page.tsx(136,19): error TS17002: Expected corresponding JSX closing tag for 'div'.
src/app/(app)/logs/page.tsx(137,17): error TS1381: Unexpected token. Did you mean `{'}'}` or `&rbrace;`?
src/app/(app)/logs/page.tsx(145,15): error TS1005: '}' expected.
src/app/(app)/logs/page.tsx(147,31): error TS1005: '}' expected.
src/app/(app)/logs/page.tsx(147,98): error TS1381: Unexpected token. Did you mean `{'}'}` or `&rbrace;`?
src/app/(app)/logs/page.tsx(150,42): error TS1382: Unexpected token. Did you mean `{'>'}` or `&gt;`?
src/app/(app)/logs/page.tsx(151,17): error TS1109: Expression expected.
src/app/(app)/logs/page.tsx(161,50): error TS1005: '}' expected.
src/app/(app)/logs/page.tsx(161,55): error TS1381: Unexpected token. Did you mean `{'}'}` or `&rbrace;`?
src/app/(app)/logs/page.tsx(164,53): error TS1005: '}' expected.
src/app/(app)/logs/page.tsx(164,57): error TS1381: Unexpected token. Did you mean `{'}'}` or `&rbrace;`?
src/app/(app)/logs/page.tsx(171,15): error TS1381: Unexpected token. Did you mean `{'}'}` or `&rbrace;`?
src/app/(app)/logs/page.tsx(172,14): error TS1381: Unexpected token. Did you mean `{'}'}` or `&rbrace;`?
src/app/(app)/logs/page.tsx(183,5): error TS1005: ')' expected.
src/app/(app)/logs/page.tsx(184,3): error TS1109: Expression expected.
src/app/(app)/marketplace/page.tsx(19,6): error TS17008: JSX element 'div' has no corresponding closing tag.
src/app/(app)/marketplace/page.tsx(32,8): error TS17008: JSX element 'div' has no corresponding closing tag.
src/app/(app)/marketplace/page.tsx(34,154): error TS1005: ',' expected.
src/app/(app)/marketplace/page.tsx(34,225): error TS1005: '}' expected.
src/app/(app)/marketplace/page.tsx(96,1): error TS1005: '</' expected.
src/app/(app)/marketplace/page.tsx(96,1): error TS1160: Unterminated template literal.
src/app/(app)/pipeline/page.tsx(71,55): error TS1005: ',' expected.
src/app/(app)/pipeline/page.tsx(71,63): error TS1005: ':' expected.
src/app/(app)/pipeline/page.tsx(71,81): error TS1005: ',' expected.
src/app/(app)/pipeline/page.tsx(71,84): error TS1005: ',' expected.
src/app/(app)/pipeline/page.tsx(71,94): error TS1005: ',' expected.
src/app/(app)/pipeline/page.tsx(71,96): error TS1005: ':' expected.
src/app/(app)/pipeline/page.tsx(80,69): error TS1005: ',' expected.
src/app/(app)/pipeline/page.tsx(80,74): error TS1005: ':' expected.
src/app/(app)/pipeline/page.tsx(80,103): error TS1005: ',' expected.
src/app/(app)/pipeline/page.tsx(80,104): error TS1005: ':' expected.
src/app/(app)/pipeline/page.tsx(97,68): error TS1005: ';' expected.
src/app/(app)/pipeline/page.tsx(163,59): error TS1005: ',' expected.
src/app/(app)/pipeline/page.tsx(165,55): error TS1005: ',' expected.
src/app/(app)/pipeline/page.tsx(170,19): error TS1109: Expression expected.
src/app/(app)/pipeline/page.tsx(170,190): error TS1005: '}' expected.
src/app/(app)/pipeline/page.tsx(170,202): error TS1003: Identifier expected.
src/app/(app)/pipeline/page.tsx(171,35): error TS1381: Unexpected token. Did you mean `{'}'}` or `&rbrace;`?
src/app/(app)/pipeline/page.tsx(172,15): error TS17002: Expected corresponding JSX closing tag for 'div'.
src/app/(app)/pipeline/page.tsx(177,13): error TS2657: JSX expressions must have one parent element.
src/app/(app)/pipeline/page.tsx(179,40): error TS1005: ',' expected.
src/app/(app)/pipeline/page.tsx(180,74): error TS1005: ',' expected.
src/app/(app)/pipeline/page.tsx(186,67): error TS1005: ',' expected.
src/app/(app)/pipeline/page.tsx(187,58): error TS1005: '}' expected.
src/app/(app)/pipeline/page.tsx(187,160): error TS1381: Unexpected token. Did you mean `{'}'}` or `&rbrace;`?
src/app/(app)/pipeline/page.tsx(189,21): error TS1381: Unexpected token. Did you mean `{'}'}` or `&rbrace;`?
src/app/(app)/pipeline/page.tsx(189,22): error TS1381: Unexpected token. Did you mean `{'}'}` or `&rbrace;`?
src/app/(app)/pipeline/page.tsx(190,19): error TS1382: Unexpected token. Did you mean `{'>'}` or `&gt;`?
src/app/(app)/pipeline/page.tsx(192,47): error TS1005: '}' expected.
src/app/(app)/pipeline/page.tsx(192,120): error TS1382: Unexpected token. Did you mean `{'>'}` or `&gt;`?
src/app/(app)/pipeline/page.tsx(192,124): error TS17002: Expected corresponding JSX closing tag for 'div'.
src/app/(app)/pipeline/page.tsx(192,183): error TS1381: Unexpected token. Did you mean `{'}'}` or `&rbrace;`?
src/app/(app)/pipeline/page.tsx(194,97): error TS1005: ',' expected.
src/app/(app)/pipeline/page.tsx(197,19): error TS1005: ')' expected.
src/app/(app)/pipeline/page.tsx(199,15): error TS1381: Unexpected token. Did you mean `{'}'}` or `&rbrace;`?
src/app/(app)/pipeline/page.tsx(199,17): error TS1381: Unexpected token. Did you mean `{'}'}` or `&rbrace;`?
src/app/(app)/pipeline/page.tsx(232,43): error TS1005: ',' expected.
src/app/(app)/pipeline/page.tsx(233,52): error TS1005: '}' expected.
src/app/(app)/pipeline/page.tsx(251,65): error TS1005: '}' expected.
src/app/(app)/pipeline/page.tsx(251,67): error TS1005: '...' expected.
src/app/(app)/pipeline/page.tsx(251,83): error TS1003: Identifier expected.
src/app/(app)/pipeline/page.tsx(253,62): error TS1005: ')' expected.
src/app/(app)/pipeline/page.tsx(316,19): error TS1146: Declaration expected.
src/app/(app)/pipeline/page.tsx(316,20): error TS1434: Unexpected keyword or identifier.
src/app/(app)/pipeline/page.tsx(316,28): error TS1434: Unexpected keyword or identifier.
src/app/(app)/pipeline/page.tsx(316,54): error TS1351: An identifier or keyword cannot immediately follow a numeric literal.
src/app/(app)/pipeline/page.tsx(317,19): error TS1146: Declaration expected.
src/app/(app)/pipeline/page.tsx(317,20): error TS1434: Unexpected keyword or identifier.
src/app/(app)/pipeline/page.tsx(317,30): error TS1109: Expression expected.
src/app/(app)/pipeline/page.tsx(317,49): error TS1005: ';' expected.
src/app/(app)/pipeline/page.tsx(322,1): error TS1160: Unterminated template literal.
src/app/(app)/swarms/page.tsx(111,55): error TS1005: ',' expected.
src/app/(app)/swarms/page.tsx(111,83): error TS1005: ',' expected.
src/app/(app)/swarms/page.tsx(115,55): error TS1005: ',' expected.
src/app/(app)/swarms/page.tsx(115,110): error TS1005: ',' expected.
src/app/(app)/swarms/page.tsx(120,20): error TS1005: ',' expected.
src/app/(app)/swarms/page.tsx(121,19): error TS1005: ',' expected.
src/app/(app)/swarms/page.tsx(121,21): error TS1434: Unexpected keyword or identifier.
src/app/(app)/swarms/page.tsx(121,22): error TS1128: Declaration or statement expected.
src/app/(app)/swarms/page.tsx(122,15): error TS1128: Declaration or statement expected.
src/app/(app)/swarms/page.tsx(123,15): error TS1128: Declaration or statement expected.
src/app/(app)/swarms/page.tsx(125,55): error TS1005: ',' expected.
src/app/(app)/swarms/page.tsx(125,117): error TS1005: ',' expected.
src/app/(app)/swarms/page.tsx(131,11): error TS1128: Declaration or statement expected.
src/app/(app)/swarms/page.tsx(131,13): error TS1005: 'try' expected.
src/app/(app)/swarms/page.tsx(132,9): error TS1128: Declaration or statement expected.
src/app/(app)/swarms/page.tsx(133,7): error TS1128: Declaration or statement expected.
src/app/(app)/swarms/page.tsx(134,5): error TS1128: Declaration or statement expected.
src/app/(app)/swarms/page.tsx(134,7): error TS1005: 'try' expected.
src/app/(app)/swarms/page.tsx(141,3): error TS1128: Declaration or statement expected.
src/app/(app)/swarms/page.tsx(152,5): error TS2657: JSX expressions must have one parent element.
src/app/(app)/swarms/page.tsx(191,57): error TS1005: ',' expected.
src/app/(app)/swarms/page.tsx(197,84): error TS1005: ',' expected.
src/app/(app)/swarms/page.tsx(198,58): error TS1005: '}' expected.
src/app/(app)/swarms/page.tsx(198,97): error TS1381: Unexpected token. Did you mean `{'}'}` or `&rbrace;`?
src/app/(app)/swarms/page.tsx(201,23): error TS1381: Unexpected token. Did you mean `{'}'}` or `&rbrace;`?
src/app/(app)/swarms/page.tsx(201,24): error TS1381: Unexpected token. Did you mean `{'}'}` or `&rbrace;`?
src/app/(app)/swarms/page.tsx(202,21): error TS1382: Unexpected token. Did you mean `{'>'}` or `&gt;`?
src/app/(app)/swarms/page.tsx(206,96): error TS1005: ',' expected.
src/app/(app)/swarms/page.tsx(209,23): error TS17002: Expected corresponding JSX closing tag for 'div'.
src/app/(app)/swarms/page.tsx(211,17): error TS1381: Unexpected token. Did you mean `{'}'}` or `&rbrace;`?
src/app/(app)/swarms/page.tsx(211,19): error TS1381: Unexpected token. Did you mean `{'}'}` or `&rbrace;`?
src/app/(app)/swarms/page.tsx(216,11): error TS1005: ')' expected.
src/app/(app)/swarms/page.tsx(223,53): error TS1005: ',' expected.
src/app/(app)/swarms/page.tsx(248,51): error TS1005: ',' expected.
src/app/(app)/swarms/page.tsx(249,60): error TS1005: '}' expected.
src/app/(app)/swarms/page.tsx(311,90): error TS1005: '}' expected.
src/app/(app)/swarms/page.tsx(311,91): error TS1005: ',' expected.
src/app/(app)/swarms/page.tsx(311,91): error TS1351: An identifier or keyword cannot immediately follow a numeric literal.
src/app/(app)/swarms/page.tsx(311,94): error TS1005: ',' expected.
src/app/(app)/swarms/page.tsx(311,100): error TS1005: ',' expected.
src/app/(app)/swarms/page.tsx(311,101): error TS1005: ',' expected.
src/app/(app)/swarms/page.tsx(311,104): error TS1005: ',' expected.
src/app/(app)/swarms/page.tsx(311,127): error TS1005: ',' expected.
src/app/(app)/swarms/page.tsx(311,133): error TS1005: ',' expected.
src/app/(app)/swarms/page.tsx(311,140): error TS1005: ',' expected.
src/app/(app)/swarms/page.tsx(311,166): error TS1381: Unexpected token. Did you mean `{'}'}` or `&rbrace;`?
src/app/(app)/swarms/page.tsx(311,240): error TS1381: Unexpected token. Did you mean `{'}'}` or `&rbrace;`?
src/app/(app)/swarms/page.tsx(311,241): error TS1381: Unexpected token. Did you mean `{'}'}` or `&rbrace;`?
src/app/(app)/swarms/page.tsx(311,242): error TS1382: Unexpected token. Did you mean `{'>'}` or `&gt;`?
src/app/(app)/swarms/page.tsx(312,203): error TS1005: ',' expected.
src/app/(app)/swarms/page.tsx(312,219): error TS1381: Unexpected token. Did you mean `{'}'}` or `&rbrace;`?
src/app/(app)/swarms/page.tsx(312,220): error TS1381: Unexpected token. Did you mean `{'}'}` or `&rbrace;`?
src/app/(app)/swarms/page.tsx(312,221): error TS1382: Unexpected token. Did you mean `{'>'}` or `&gt;`?
src/app/(app)/swarms/page.tsx(313,66): error TS1005: '}' expected.
src/app/(app)/swarms/page.tsx(313,70): error TS1381: Unexpected token. Did you mean `{'}'}` or `&rbrace;`?
src/app/(app)/swarms/page.tsx(332,13): error TS1381: Unexpected token. Did you mean `{'}'}` or `&rbrace;`?
src/app/(app)/swarms/page.tsx(332,15): error TS1381: Unexpected token. Did you mean `{'}'}` or `&rbrace;`?
src/app/(app)/swarms/page.tsx(335,9): error TS1005: ')' expected.
src/app/(app)/swarms/page.tsx(336,7): error TS1109: Expression expected.
src/app/(app)/swarms/page.tsx(336,8): error TS1128: Declaration or statement expected.
src/app/(app)/swarms/page.tsx(343,5): error TS1128: Declaration or statement expected.
src/app/(app)/swarms/page.tsx(344,3): error TS1109: Expression expected.
src/app/(app)/swarms/page.tsx(345,1): error TS1128: Declaration or statement expected.
src/app/(app)/team/page.tsx(35,144): error TS1005: ',' expected.
src/app/(app)/team/page.tsx(46,79): error TS1005: ',' expected.
src/app/(app)/workflows/page.tsx(78,52): error TS1005: ',' expected.
src/app/(app)/workflows/page.tsx(78,80): error TS1005: ',' expected.
src/app/(app)/workflows/page.tsx(80,51): error TS1005: ',' expected.
src/app/(app)/workflows/page.tsx(86,9): error TS1128: Declaration or statement expected.
src/app/(app)/workflows/page.tsx(113,62): error TS1005: ',' expected.
src/app/(app)/workflows/page.tsx(113,91): error TS1005: ',' expected.
src/app/(app)/workflows/page.tsx(120,62): error TS1005: ',' expected.
src/app/(app)/workflows/page.tsx(120,91): error TS1005: ',' expected.
src/app/(app)/workflows/page.tsx(127,54): error TS1005: ',' expected.
src/app/(app)/workflows/page.tsx(127,101): error TS1005: ',' expected.
src/app/(app)/workflows/page.tsx(130,7): error TS1005: 'try' expected.
src/app/(app)/workflows/page.tsx(131,54): error TS1005: ',' expected.
src/app/(app)/workflows/page.tsx(131,113): error TS1005: ',' expected.
src/app/(app)/workflows/page.tsx(134,3): error TS1128: Declaration or statement expected.
src/app/(app)/workflows/page.tsx(186,78): error TS1005: ',' expected.
src/app/(app)/workflows/page.tsx(197,61): error TS1005: ',' expected.
src/app/(app)/workflows/page.tsx(198,70): error TS1005: '}' expected.
src/app/(app)/workflows/page.tsx(220,87): error TS1005: '}' expected.
src/app/(app)/workflows/page.tsx(220,89): error TS1005: '...' expected.
src/app/(app)/workflows/page.tsx(220,125): error TS1003: Identifier expected.
src/app/(app)/workflows/page.tsx(220,139): error TS1005: ',' expected.
src/app/(app)/workflows/page.tsx(220,140): error TS1005: ',' expected.
src/app/(app)/workflows/page.tsx(220,140): error TS1351: An identifier or keyword cannot immediately follow a numeric literal.
src/app/(app)/workflows/page.tsx(220,143): error TS1005: ',' expected.
src/app/(app)/workflows/page.tsx(220,149): error TS1005: ',' expected.
src/app/(app)/workflows/page.tsx(220,150): error TS1005: ',' expected.
src/app/(app)/workflows/page.tsx(220,162): error TS1005: ',' expected.
src/app/(app)/workflows/page.tsx(220,186): error TS1005: ':' expected.
src/app/(app)/workflows/page.tsx(220,187): error TS1005: ',' expected.
src/app/(app)/workflows/page.tsx(267,65): error TS1005: ',' expected.
src/app/(app)/workflows/page.tsx(267,73): error TS1005: ',' expected.
src/app/(app)/workflows/page.tsx(267,78): error TS1005: ',' expected.
src/app/(app)/workflows/page.tsx(267,79): error TS1005: ',' expected.
src/app/(app)/workflows/page.tsx(267,95): error TS1005: ',' expected.
src/app/(app)/workflows/page.tsx(267,98): error TS1005: ',' expected.
src/app/(app)/workflows/page.tsx(267,119): error TS1381: Unexpected token. Did you mean `{'}'}` or `&rbrace;`?
src/app/(app)/workflows/page.tsx(268,21): error TS17002: Expected corresponding JSX closing tag for 'div'.
src/app/(app)/workflows/page.tsx(269,17): error TS1005: ')' expected.
src/app/(app)/workflows/page.tsx(276,15): error TS1005: ')' expected.
src/app/(app)/workflows/page.tsx(282,118): error TS1005: '}' expected.
src/app/(app)/workflows/page.tsx(282,124): error TS1005: ',' expected.
src/app/(app)/workflows/page.tsx(282,131): error TS1005: '}' expected.
src/app/(app)/workflows/page.tsx(282,157): error TS1381: Unexpected token. Did you mean `{'}'}` or `&rbrace;`?
src/app/(app)/workflows/page.tsx(282,231): error TS1381: Unexpected token. Did you mean `{'}'}` or `&rbrace;`?
src/app/(app)/workflows/page.tsx(282,232): error TS1381: Unexpected token. Did you mean `{'}'}` or `&rbrace;`?
src/app/(app)/workflows/page.tsx(282,233): error TS1382: Unexpected token. Did you mean `{'>'}` or `&gt;`?
src/app/(app)/workflows/page.tsx(284,86): error TS1005: ',' expected.
src/app/(app)/workflows/page.tsx(284,214): error TS1005: ',' expected.
src/app/(app)/workflows/page.tsx(284,230): error TS1381: Unexpected token. Did you mean `{'}'}` or `&rbrace;`?
src/app/(app)/workflows/page.tsx(284,231): error TS1381: Unexpected token. Did you mean `{'}'}` or `&rbrace;`?
src/app/(app)/workflows/page.tsx(284,232): error TS1382: Unexpected token. Did you mean `{'>'}` or `&gt;`?
src/app/(app)/workflows/page.tsx(306,21): error TS1128: Declaration or statement expected.
src/app/(app)/workflows/page.tsx(307,19): error TS1109: Expression expected.
src/app/(app)/workflows/page.tsx(308,17): error TS1128: Declaration or statement expected.
src/app/(app)/workflows/page.tsx(308,18): error TS1128: Declaration or statement expected.
src/app/(app)/workflows/page.tsx(308,19): error TS1128: Declaration or statement expected.
src/app/(app)/workflows/page.tsx(309,15): error TS1128: Declaration or statement expected.
src/app/(app)/workflows/page.tsx(311,13): error TS1128: Declaration or statement expected.
src/app/(app)/workflows/page.tsx(312,11): error TS1109: Expression expected.
src/app/(app)/workflows/page.tsx(312,12): error TS1128: Declaration or statement expected.
src/app/(app)/workflows/page.tsx(313,9): error TS1128: Declaration or statement expected.
src/app/(app)/workflows/page.tsx(314,7): error TS1109: Expression expected.
src/app/(app)/workflows/page.tsx(321,5): error TS1128: Declaration or statement expected.
src/app/(app)/workflows/page.tsx(322,3): error TS1109: Expression expected.
src/app/(app)/workflows/page.tsx(323,1): error TS1128: Declaration or statement expected.
src/app/api/agents/[id]/route.ts(16,39): error TS1005: ',' expected.
src/app/api/agents/[id]/route.ts(17,11): error TS1003: Identifier expected.
src/app/api/agents/[id]/route.ts(18,12): error TS1005: ';' expected.
src/app/api/agents/[id]/route.ts(19,16): error TS1005: ';' expected.
src/app/api/agents/[id]/route.ts(20,5): error TS1109: Expression expected.
src/app/api/agents/[id]/route.ts(20,7): error TS1128: Declaration or statement expected.
src/app/api/agents/[id]/route.ts(21,20): error TS1005: ';' expected.
src/app/api/agents/[id]/route.ts(22,15): error TS1005: ';' expected.
src/app/api/agents/[id]/route.ts(23,3): error TS1109: Expression expected.
src/app/api/agents/[id]/route.ts(26,1): error TS1128: Declaration or statement expected.
src/app/api/decision/route.ts(14,26): error TS1005: ',' expected.
src/app/api/decision/route.ts(14,31): error TS1005: ':' expected.
src/app/api/decision/route.ts(18,43): error TS1005: ',' expected.
src/app/api/decision/route.ts(24,43): error TS1005: ',' expected.
src/app/api/decision/route.ts(25,45): error TS1005: ',' expected.
src/app/api/decision/route.ts(41,50): error TS1011: An element access expression should take an argument.
src/app/api/memory/route.ts(30,11): error TS1005: ',' expected.
src/app/api/memory/route.ts(31,11): error TS1005: ',' expected.
src/app/api/memory/route.ts(32,12): error TS1005: ',' expected.
src/app/api/memory/search/route.ts(16,35): error TS1005: ',' expected.
src/app/api/memory/search/route.ts(16,39): error TS1005: ':' expected.
src/app/api/memory/search/route.ts(17,19): error TS1005: ',' expected.
src/app/api/memory/search/route.ts(17,21): error TS1005: ':' expected.
src/app/api/memory/search/route.ts(24,33): error TS1005: ',' expected.
src/app/api/memory/search/route.ts(24,34): error TS1005: ':' expected.
src/app/api/pipeline/stream/route.ts(85,71): error TS1005: '}' expected.
src/app/api/pipeline/stream/route.ts(85,75): error TS1005: ',' expected.
src/app/api/pipeline/stream/route.ts(85,76): error TS1127: Invalid character.
src/app/api/pipeline/stream/route.ts(85,78): error TS1127: Invalid character.
src/app/api/pipeline/stream/route.ts(85,79): error TS1435: Unknown keyword or identifier. Did you mean 'implements'?
src/app/api/pipeline/stream/route.ts(85,95): error TS1005: ';' expected.
src/app/api/pipeline/stream/route.ts(85,100): error TS1434: Unexpected keyword or identifier.
src/app/api/pipeline/stream/route.ts(85,116): error TS1005: '(' expected.
src/app/api/pipeline/stream/route.ts(85,124): error TS1005: ')' expected.
src/app/api/pipeline/stream/route.ts(85,129): error TS1003: Identifier expected.
src/app/api/pipeline/stream/route.ts(85,129): error TS1443: Module declaration names may only use ' or " quoted strings.
src/app/api/pipeline/stream/route.ts(92,22): error TS1127: Invalid character.
src/app/api/pipeline/stream/route.ts(92,22): error TS1128: Declaration or statement expected.
src/app/api/pipeline/stream/route.ts(92,24): error TS1434: Unexpected keyword or identifier.
src/app/api/pipeline/stream/route.ts(92,40): error TS1127: Invalid character.
src/app/api/pipeline/stream/route.ts(92,42): error TS1434: Unexpected keyword or identifier.
src/app/api/pipeline/stream/route.ts(92,76): error TS1005: ';' expected.
src/app/api/pipeline/stream/route.ts(94,22): error TS1127: Invalid character.
src/app/api/pipeline/stream/route.ts(94,24): error TS1434: Unexpected keyword or identifier.
src/app/api/pipeline/stream/route.ts(94,35): error TS1434: Unexpected keyword or identifier.
src/app/api/pipeline/stream/route.ts(100,41): error TS1127: Invalid character.
src/app/api/pipeline/stream/route.ts(100,44): error TS1434: Unexpected keyword or identifier.
src/app/api/pipeline/stream/route.ts(101,21): error TS1005: ';' expected.
src/app/api/pipeline/stream/route.ts(101,34): error TS1434: Unexpected keyword or identifier.
src/app/api/pipeline/stream/route.ts(101,46): error TS1128: Declaration or statement expected.
src/app/api/pipeline/stream/route.ts(101,48): error TS1434: Unexpected keyword or identifier.
src/app/api/pipeline/stream/route.ts(101,56): error TS1434: Unexpected keyword or identifier.
src/app/api/pipeline/stream/route.ts(101,63): error TS1434: Unexpected keyword or identifier.
src/app/api/pipeline/stream/route.ts(101,85): error TS1003: Identifier expected.
src/app/api/pipeline/stream/route.ts(101,85): error TS1443: Module declaration names may only use ' or " quoted strings.
src/app/api/pipeline/stream/route.ts(102,20): error TS1127: Invalid character.
src/app/api/pipeline/stream/route.ts(102,20): error TS1128: Declaration or statement expected.
src/app/api/pipeline/stream/route.ts(102,22): error TS1434: Unexpected keyword or identifier.
src/app/api/pipeline/stream/route.ts(102,38): error TS1127: Invalid character.
src/app/api/pipeline/stream/route.ts(102,42): error TS1005: ';' expected.
src/app/api/pipeline/stream/route.ts(102,68): error TS1005: ',' expected.
src/app/api/pipeline/stream/route.ts(102,73): error TS1109: Expression expected.
src/app/api/pipeline/stream/route.ts(102,74): error TS1443: Module declaration names may only use ' or " quoted strings.
src/app/api/pipeline/stream/route.ts(117,10): error TS1434: Unexpected keyword or identifier.
src/app/api/pipeline/stream/route.ts(117,14): error TS1434: Unexpected keyword or identifier.
src/app/api/pipeline/stream/route.ts(117,18): error TS1434: Unexpected keyword or identifier.
src/app/api/pipeline/stream/route.ts(117,20): error TS1434: Unexpected keyword or identifier.
src/app/api/pipeline/stream/route.ts(117,27): error TS1434: Unexpected keyword or identifier.
src/app/api/pipeline/stream/route.ts(117,50): error TS1005: ';' expected.
src/app/api/pipeline/stream/route.ts(117,59): error TS1005: '(' expected.
src/app/api/pipeline/stream/route.ts(117,99): error TS1005: ';' expected.
src/app/api/pipeline/stream/route.ts(117,119): error TS1005: ';' expected.
src/app/api/pipeline/stream/route.ts(117,128): error TS1005: ')' expected.
src/app/api/pipeline/stream/route.ts(117,153): error TS1005: ';' expected.
src/app/api/pipeline/stream/route.ts(117,162): error TS1005: '(' expected.
src/app/api/pipeline/stream/route.ts(117,169): error TS1005: ')' expected.
src/app/api/pipeline/stream/route.ts(117,189): error TS1005: ';' expected.
src/app/api/pipeline/stream/route.ts(117,211): error TS1003: Identifier expected.
src/app/api/pipeline/stream/route.ts(118,10): error TS1434: Unexpected keyword or identifier.
src/app/api/pipeline/stream/route.ts(118,22): error TS1005: ';' expected.
src/app/api/pipeline/stream/route.ts(118,41): error TS1005: '(' expected.
src/app/api/pipeline/stream/route.ts(118,45): error TS1005: ';' expected.
src/app/api/pipeline/stream/route.ts(118,50): error TS1005: ';' expected.
src/app/api/pipeline/stream/route.ts(118,64): error TS1005: ')' expected.
src/app/api/pipeline/stream/route.ts(118,65): error TS1127: Invalid character.
src/app/api/pipeline/stream/route.ts(118,67): error TS1127: Invalid character.
src/app/api/pipeline/stream/route.ts(118,68): error TS1434: Unexpected keyword or identifier.
src/app/api/pipeline/stream/route.ts(125,34): error TS1127: Invalid character.
src/app/api/pipeline/stream/route.ts(125,36): error TS1434: Unexpected keyword or identifier.
src/app/api/pipeline/stream/route.ts(125,45): error TS1434: Unexpected keyword or identifier.
src/app/api/pipeline/stream/route.ts(125,54): error TS1434: Unexpected keyword or identifier.
src/app/api/pipeline/stream/route.ts(125,65): error TS1443: Module declaration names may only use ' or " quoted strings.
src/app/api/pipeline/stream/route.ts(125,70): error TS1127: Invalid character.
src/app/api/pipeline/stream/route.ts(125,70): error TS1128: Declaration or statement expected.
src/app/api/pipeline/stream/route.ts(125,72): error TS1434: Unexpected keyword or identifier.
src/app/api/pipeline/stream/route.ts(125,81): error TS1434: Unexpected keyword or identifier.
src/app/api/pipeline/stream/route.ts(125,100): error TS1443: Module declaration names may only use ' or " quoted strings.
src/app/api/pipeline/stream/route.ts(150,10): error TS1434: Unexpected keyword or identifier.
src/app/api/pipeline/stream/route.ts(150,14): error TS1434: Unexpected keyword or identifier.
src/app/api/pipeline/stream/route.ts(150,18): error TS1434: Unexpected keyword or identifier.
src/app/api/pipeline/stream/route.ts(150,20): error TS1434: Unexpected keyword or identifier.
src/app/api/pipeline/stream/route.ts(150,39): error TS1005: ';' expected.
src/app/api/pipeline/stream/route.ts(150,53): error TS1434: Unexpected keyword or identifier.
src/app/api/pipeline/stream/route.ts(150,63): error TS1005: '(' expected.
src/app/api/pipeline/stream/route.ts(150,67): error TS1005: ';' expected.
src/app/api/pipeline/stream/route.ts(150,87): error TS1005: ';' expected.
src/app/api/pipeline/stream/route.ts(150,99): error TS1005: ')' expected.
src/app/api/pipeline/stream/route.ts(150,114): error TS1005: ';' expected.
src/app/api/pipeline/stream/route.ts(150,118): error TS1435: Unknown keyword or identifier. Did you mean 'any'?
src/app/api/pipeline/stream/route.ts(150,123): error TS1434: Unexpected keyword or identifier.
src/app/api/pipeline/stream/route.ts(150,129): error TS1434: Unexpected keyword or identifier.
src/app/api/pipeline/stream/route.ts(150,134): error TS1434: Unexpected keyword or identifier.
src/app/api/pipeline/stream/route.ts(150,138): error TS1434: Unexpected keyword or identifier.
src/app/api/pipeline/stream/route.ts(150,142): error TS1434: Unexpected keyword or identifier.
src/app/api/pipeline/stream/route.ts(150,162): error TS1003: Identifier expected.
src/app/api/pipeline/stream/route.ts(151,10): error TS1434: Unexpected keyword or identifier.
src/app/api/pipeline/stream/route.ts(151,16): error TS1434: Unexpected keyword or identifier.
src/app/api/pipeline/stream/route.ts(151,25): error TS1005: '(' expected.
src/app/api/pipeline/stream/route.ts(151,41): error TS1127: Invalid character.
src/app/api/pipeline/stream/route.ts(151,43): error TS1127: Invalid character.
src/app/api/pipeline/stream/route.ts(151,44): error TS1434: Unexpected keyword or identifier.
src/app/api/pipeline/stream/route.ts(151,60): error TS1434: Unexpected keyword or identifier.
src/app/api/pipeline/stream/route.ts(151,68): error TS1127: Invalid character.
src/app/api/pipeline/stream/route.ts(151,69): error TS1434: Unexpected keyword or identifier.
src/app/api/pipeline/stream/route.ts(160,22): error TS1127: Invalid character.
src/app/api/pipeline/stream/route.ts(160,24): error TS1434: Unexpected keyword or identifier.
src/app/api/pipeline/stream/route.ts(160,39): error TS1434: Unexpected keyword or identifier.
src/app/api/pipeline/stream/route.ts(160,54): error TS1005: ';' expected.
src/app/api/pipeline/stream/route.ts(160,75): error TS1127: Invalid character.
src/app/api/pipeline/stream/route.ts(160,77): error TS1434: Unexpected keyword or identifier.
src/app/api/pipeline/stream/route.ts(160,88): error TS1109: Expression expected.
src/app/api/pipeline/stream/route.ts(163,22): error TS1127: Invalid character.
src/app/api/pipeline/stream/route.ts(163,27): error TS1005: ';' expected.
src/app/api/pipeline/stream/route.ts(163,40): error TS1127: Invalid character.
src/app/api/pipeline/stream/route.ts(170,20): error TS1127: Invalid character.
src/app/api/pipeline/stream/route.ts(170,22): error TS1434: Unexpected keyword or identifier.
src/app/api/pipeline/stream/route.ts(170,37): error TS1434: Unexpected keyword or identifier.
src/app/api/pipeline/stream/route.ts(170,43): error TS1434: Unexpected keyword or identifier.
src/app/api/pipeline/stream/route.ts(170,64): error TS1443: Module declaration names may only use ' or " quoted strings.
src/app/api/pipeline/stream/route.ts(170,92): error TS1128: Declaration or statement expected.
src/app/api/pipeline/stream/route.ts(170,98): error TS1127: Invalid character.
src/app/api/pipeline/stream/route.ts(170,100): error TS1434: Unexpected keyword or identifier.
src/app/api/pipeline/stream/route.ts(170,111): error TS1109: Expression expected.
src/app/api/pipeline/stream/route.ts(184,10): error TS1005: ';' expected.
src/app/api/pipeline/stream/route.ts(184,14): error TS1434: Unexpected keyword or identifier.
src/app/api/pipeline/stream/route.ts(184,18): error TS1434: Unexpected keyword or identifier.
src/app/api/pipeline/stream/route.ts(184,20): error TS1434: Unexpected keyword or identifier.
src/app/api/pipeline/stream/route.ts(184,44): error TS1005: ';' expected.
src/app/api/pipeline/stream/route.ts(184,59): error TS1005: ';' expected.
src/app/api/pipeline/stream/route.ts(184,77): error TS1005: '(' expected.
src/app/api/pipeline/stream/route.ts(184,88): error TS1003: Identifier expected.
src/app/api/pipeline/stream/route.ts(185,10): error TS1005: ';' expected.
src/app/api/pipeline/stream/route.ts(185,16): error TS1005: ';' expected.
src/app/api/pipeline/stream/route.ts(185,30): error TS1005: ')' expected.
src/app/api/pipeline/stream/route.ts(185,33): error TS1005: '(' expected.
src/app/api/pipeline/stream/route.ts(185,49): error TS1127: Invalid character.
src/app/api/pipeline/stream/route.ts(185,51): error TS1127: Invalid character.
src/app/api/pipeline/stream/route.ts(185,52): error TS1434: Unexpected keyword or identifier.
src/app/api/pipeline/stream/route.ts(185,60): error TS1434: Unexpected keyword or identifier.
src/app/api/pipeline/stream/route.ts(185,80): error TS1005: ';' expected.
src/app/api/pipeline/stream/route.ts(185,90): error TS1005: ';' expected.
src/app/api/pipeline/stream/route.ts(185,105): error TS1003: Identifier expected.
src/app/api/pipeline/stream/route.ts(185,105): error TS1443: Module declaration names may only use ' or " quoted strings.
src/app/api/pipeline/stream/route.ts(191,26): error TS1127: Invalid character.
src/app/api/pipeline/stream/route.ts(191,26): error TS1128: Declaration or statement expected.
src/app/api/pipeline/stream/route.ts(191,28): error TS1434: Unexpected keyword or identifier.
src/app/api/pipeline/stream/route.ts(191,52): error TS1127: Invalid character.
src/app/api/pipeline/stream/route.ts(191,54): error TS1434: Unexpected keyword or identifier.
src/app/api/pipeline/stream/route.ts(191,83): error TS1443: Module declaration names may only use ' or " quoted strings.
src/app/api/pipeline/stream/route.ts(210,10): error TS1434: Unexpected keyword or identifier.
src/app/api/pipeline/stream/route.ts(210,14): error TS1434: Unexpected keyword or identifier.
src/app/api/pipeline/stream/route.ts(210,18): error TS1434: Unexpected keyword or identifier.
src/app/api/pipeline/stream/route.ts(210,20): error TS1434: Unexpected keyword or identifier.
src/app/api/pipeline/stream/route.ts(210,45): error TS1005: ';' expected.
src/app/api/pipeline/stream/route.ts(210,54): error TS1005: '(' expected.
src/app/api/pipeline/stream/route.ts(210,69): error TS1005: ';' expected.
src/app/api/pipeline/stream/route.ts(210,71): error TS1434: Unexpected keyword or identifier.
src/app/api/pipeline/stream/route.ts(210,102): error TS1005: ';' expected.
src/app/api/pipeline/stream/route.ts(210,118): error TS1005: ';' expected.
src/app/api/pipeline/stream/route.ts(210,132): error TS1003: Identifier expected.
src/app/api/pipeline/stream/route.ts(211,10): error TS1005: ';' expected.
src/app/api/pipeline/stream/route.ts(211,19): error TS1434: Unexpected keyword or identifier.
src/app/api/pipeline/stream/route.ts(211,28): error TS1005: '(' expected.
src/app/api/pipeline/stream/route.ts(211,44): error TS1127: Invalid character.
src/app/api/pipeline/stream/route.ts(211,46): error TS1127: Invalid character.
src/app/api/pipeline/stream/route.ts(211,47): error TS1434: Unexpected keyword or identifier.
src/app/api/pipeline/stream/route.ts(211,53): error TS1434: Unexpected keyword or identifier.
src/app/api/pipeline/stream/route.ts(211,62): error TS1127: Invalid character.
src/app/api/pipeline/stream/route.ts(211,63): error TS1434: Unexpected keyword or identifier.
src/app/api/pipeline/stream/route.ts(217,23): error TS1127: Invalid character.
src/app/api/pipeline/stream/route.ts(217,25): error TS1434: Unexpected keyword or identifier.
src/app/api/pipeline/stream/route.ts(217,40): error TS1127: Invalid character.
src/app/api/pipeline/stream/route.ts(217,42): error TS1434: Unexpected keyword or identifier.
src/app/api/pipeline/stream/route.ts(217,45): error TS1434: Unexpected keyword or identifier.
src/app/api/pipeline/stream/route.ts(217,54): error TS1434: Unexpected keyword or identifier.
src/app/api/pipeline/stream/route.ts(217,75): error TS1443: Module declaration names may only use ' or " quoted strings.
src/app/api/pipeline/stream/route.ts(249,18): error TS1127: Invalid character.
src/app/api/pipeline/stream/route.ts(249,18): error TS1128: Declaration or statement expected.
src/app/api/pipeline/stream/route.ts(249,19): error TS1127: Invalid character.
src/app/api/pipeline/stream/route.ts(249,20): error TS1127: Invalid character.
src/app/api/pipeline/stream/route.ts(249,21): error TS1127: Invalid character.
src/app/api/pipeline/stream/route.ts(249,22): error TS1127: Invalid character.
src/app/api/pipeline/stream/route.ts(249,23): error TS1127: Invalid character.
src/app/api/pipeline/stream/route.ts(249,24): error TS1127: Invalid character.
src/app/api/pipeline/stream/route.ts(249,25): error TS1127: Invalid character.
src/app/api/pipeline/stream/route.ts(249,26): error TS1127: Invalid character.
src/app/api/pipeline/stream/route.ts(249,27): error TS1127: Invalid character.
src/app/api/pipeline/stream/route.ts(249,28): error TS1127: Invalid character.
src/app/api/pipeline/stream/route.ts(249,29): error TS1127: Invalid character.
src/app/api/pipeline/stream/route.ts(249,30): error TS1127: Invalid character.
src/app/api/pipeline/stream/route.ts(249,31): error TS1127: Invalid character.
src/app/api/pipeline/stream/route.ts(249,32): error TS1127: Invalid character.
src/app/api/pipeline/stream/route.ts(249,33): error TS1127: Invalid character.
src/app/api/pipeline/stream/route.ts(249,34): error TS1127: Invalid character.
src/app/api/pipeline/stream/route.ts(249,35): error TS1127: Invalid character.
src/app/api/pipeline/stream/route.ts(249,36): error TS1127: Invalid character.
src/app/api/pipeline/stream/route.ts(249,37): error TS1127: Invalid character.
src/app/api/pipeline/stream/route.ts(249,38): error TS1127: Invalid character.
src/app/api/pipeline/stream/route.ts(249,39): error TS1127: Invalid character.
src/app/api/pipeline/stream/route.ts(249,40): error TS1127: Invalid character.
src/app/api/pipeline/stream/route.ts(249,41): error TS1127: Invalid character.
src/app/api/pipeline/stream/route.ts(249,42): error TS1127: Invalid character.
src/app/api/pipeline/stream/route.ts(249,43): error TS1127: Invalid character.
src/app/api/pipeline/stream/route.ts(249,44): error TS1127: Invalid character.
src/app/api/pipeline/stream/route.ts(249,45): error TS1127: Invalid character.
src/app/api/pipeline/stream/route.ts(249,46): error TS1127: Invalid character.
src/app/api/pipeline/stream/route.ts(249,47): error TS1127: Invalid character.
src/app/api/pipeline/stream/route.ts(249,48): error TS1127: Invalid character.
src/app/api/pipeline/stream/route.ts(249,49): error TS1127: Invalid character.
src/app/api/pipeline/stream/route.ts(249,50): error TS1127: Invalid character.
src/app/api/pipeline/stream/route.ts(249,51): error TS1127: Invalid character.
src/app/api/pipeline/stream/route.ts(249,52): error TS1127: Invalid character.
src/app/api/pipeline/stream/route.ts(249,53): error TS1127: Invalid character.
src/app/api/pipeline/stream/route.ts(249,54): error TS1127: Invalid character.
src/app/api/pipeline/stream/route.ts(249,55): error TS1127: Invalid character.
src/app/api/pipeline/stream/route.ts(249,56): error TS1127: Invalid character.
src/app/api/pipeline/stream/route.ts(249,57): error TS1127: Invalid character.
src/app/api/pipeline/stream/route.ts(249,58): error TS1127: Invalid character.
src/app/api/pipeline/stream/route.ts(250,18): error TS1127: Invalid character.
src/app/api/pipeline/stream/route.ts(250,20): error TS1434: Unexpected keyword or identifier.
src/app/api/pipeline/stream/route.ts(250,38): error TS1005: ';' expected.
src/app/api/pipeline/stream/route.ts(250,163): error TS1005: ';' expected.
src/app/api/pipeline/stream/route.ts(259,18): error TS1005: ';' expected.
src/app/api/pipeline/stream/route.ts(259,23): error TS1005: ';' expected.
src/app/api/pipeline/stream/route.ts(265,50): error TS1005: ';' expected.
src/app/api/pipeline/stream/route.ts(265,56): error TS1434: Unexpected keyword or identifier.
src/app/api/pipeline/stream/route.ts(265,80): error TS1127: Invalid character.
src/app/api/pipeline/stream/route.ts(265,82): error TS1127: Invalid character.
src/app/api/pipeline/stream/route.ts(265,84): error TS1443: Module declaration names may only use ' or " quoted strings.
src/app/api/pipeline/stream/route.ts(289,39): error TS1005: ';' expected.
src/app/api/pipeline/stream/route.ts(291,1): error TS1160: Unterminated template literal.
src/app/api/status/route.ts(33,19): error TS1005: ',' expected.
src/app/api/status/route.ts(33,23): error TS1005: ':' expected.
src/app/api/swarms/route.ts(24,35): error TS1005: ',' expected.
src/app/api/swarms/route.ts(24,44): error TS1005: ',' expected.
src/app/api/swarms/route.ts(24,45): error TS1181: Array element destructuring pattern expected.
src/app/api/swarms/route.ts(24,46): error TS1005: ';' expected.
src/app/api/workflow/route.ts(37,58): error TS1005: ',' expected.
src/app/api/workflow/route.ts(40,62): error TS1005: ',' expected.
src/app/api/workflow/route.ts(40,91): error TS1005: ',' expected.
src/app/api/workflow/route.ts(43,56): error TS1005: ',' expected.
src/app/api/workflow/route.ts(43,82): error TS1005: ',' expected.
src/components/ai-assistant/AssistantPanel.tsx(79,22): error TS1005: ',' expected.
src/components/ai-assistant/AssistantPanel.tsx(80,21): error TS1005: ',' expected.
src/components/ai-assistant/AssistantPanel.tsx(81,17): error TS1128: Declaration or statement expected.
src/components/ai-assistant/AssistantPanel.tsx(82,15): error TS1128: Declaration or statement expected.
src/components/ai-assistant/AssistantPanel.tsx(88,22): error TS1005: ',' expected.
src/components/ai-assistant/AssistantPanel.tsx(89,21): error TS1005: ',' expected.
src/components/ai-assistant/AssistantPanel.tsx(93,11): error TS1128: Declaration or statement expected.
src/components/ai-assistant/AssistantPanel.tsx(93,13): error TS1005: 'try' expected.
src/components/ai-assistant/AssistantPanel.tsx(94,9): error TS1128: Declaration or statement expected.
src/components/ai-assistant/AssistantPanel.tsx(95,7): error TS1128: Declaration or statement expected.
src/components/ai-assistant/AssistantPanel.tsx(96,5): error TS1128: Declaration or statement expected.
src/components/ai-assistant/AssistantPanel.tsx(96,7): error TS1005: 'try' expected.
src/components/ai-assistant/AssistantPanel.tsx(104,3): error TS1128: Declaration or statement expected.
src/components/ai-assistant/AssistantPanel.tsx(104,4): error TS1128: Declaration or statement expected.
src/components/ai-assistant/AssistantPanel.tsx(104,29): error TS1005: ';' expected.
src/components/ai-assistant/AssistantPanel.tsx(184,11): error TS1005: '}' expected.
src/components/ai-assistant/AssistantPanel.tsx(185,34): error TS1382: Unexpected token. Did you mean `{'>'}` or `&gt;`?
src/components/ai-assistant/AssistantPanel.tsx(186,89): error TS1005: ',' expected.
src/components/ai-assistant/AssistantPanel.tsx(194,50): error TS1005: ',' expected.
src/components/ai-assistant/AssistantPanel.tsx(195,52): error TS1005: ',' expected.
src/components/ai-assistant/AssistantPanel.tsx(196,46): error TS1005: ',' expected.
src/components/ai-assistant/AssistantPanel.tsx(197,66): error TS1005: ',' expected.
src/components/ai-assistant/AssistantPanel.tsx(205,10): error TS1381: Unexpected token. Did you mean `{'}'}` or `&rbrace;`?
src/components/ai-assistant/AssistantPanel.tsx(235,21): error TS1005: '}' expected.
src/components/ai-assistant/AssistantPanel.tsx(235,184): error TS1382: Unexpected token. Did you mean `{'>'}` or `&gt;`?
src/components/ai-assistant/AssistantPanel.tsx(236,51): error TS1381: Unexpected token. Did you mean `{'}'}` or `&rbrace;`?
src/components/ai-assistant/AssistantPanel.tsx(250,1): error TS1128: Declaration or statement expected.
src/components/layout/Sidebar.tsx(142,35): error TS1005: '}' expected.
src/components/layout/Sidebar.tsx(142,46): error TS1382: Unexpected token. Did you mean `{'>'}` or `&gt;`?
src/components/layout/Sidebar.tsx(142,75): error TS1381: Unexpected token. Did you mean `{'}'}` or `&rbrace;`?
src/lib/domainIcons.ts(26,33): error TS1005: ';' expected.
src/lib/openswarm/decisionEngine.ts(96,9): error TS1005: ',' expected.
src/lib/openswarm/decisionEngine.ts(96,11): error TS1136: Property assignment expected.
src/lib/openswarm/decisionEngine.ts(97,5): error TS1109: Expression expected.
src/lib/openswarm/decisionEngine.ts(103,24): error TS1005: ',' expected.
src/lib/openswarm/decisionEngine.ts(103,35): error TS1011: An element access expression should take an argument.
src/lib/openswarm/decisionEngine.ts(103,51): error TS1005: ';' expected.
src/lib/openswarm/decisionEngine.ts(139,21): error TS1005: ',' expected.
src/lib/openswarm/decisionEngine.ts(139,30): error TS1005: ';' expected.
src/lib/openswarm/decisionEngine.ts(140,7): error TS1005: ':' expected.
src/lib/openswarm/decisionEngine.ts(140,36): error TS1005: ',' expected.
src/lib/openswarm/decisionEngine.ts(141,7): error TS1005: ':' expected.
src/lib/openswarm/decisionEngine.ts(141,35): error TS1005: ',' expected.
src/lib/openswarm/decisionEngine.ts(142,7): error TS1005: ':' expected.
src/lib/openswarm/decisionEngine.ts(142,33): error TS1005: ',' expected.
src/lib/openswarm/decisionEngine.ts(143,7): error TS1005: ':' expected.
src/lib/openswarm/decisionEngine.ts(143,35): error TS1005: ',' expected.
src/lib/openswarm/decisionEngine.ts(146,18): error TS1005: ',' expected.
src/lib/openswarm/decisionEngine.ts(146,27): error TS1005: ';' expected.
src/lib/openswarm/decisionEngine.ts(147,7): error TS1005: ':' expected.
src/lib/openswarm/decisionEngine.ts(147,36): error TS1005: ',' expected.
src/lib/openswarm/decisionEngine.ts(148,7): error TS1005: ':' expected.
src/lib/openswarm/decisionEngine.ts(148,33): error TS1005: ',' expected.
src/lib/openswarm/decisionEngine.ts(149,7): error TS1005: ':' expected.
src/lib/openswarm/decisionEngine.ts(149,32): error TS1005: ',' expected.
src/lib/openswarm/decisionEngine.ts(150,7): error TS1005: ':' expected.
src/lib/openswarm/decisionEngine.ts(150,37): error TS1005: ',' expected.
src/lib/openswarm/decisionEngine.ts(153,28): error TS1005: ',' expected.
src/lib/openswarm/decisionEngine.ts(153,37): error TS1011: An element access expression should take an argument.
src/lib/openswarm/decisionEngine.ts(153,39): error TS1005: ';' expected.
src/lib/openswarm/decisionEngine.ts(154,7): error TS1005: ':' expected.
src/lib/openswarm/decisionEngine.ts(154,38): error TS1005: ',' expected.
src/lib/openswarm/decisionEngine.ts(157,12): error TS1005: ';' expected.
src/lib/openswarm/decisionEngine.ts(170,3): error TS1128: Declaration or statement expected.
src/lib/openswarm/decisionEngine.ts(170,38): error TS1005: ',' expected.
src/lib/openswarm/decisionEngine.ts(170,49): error TS1011: An element access expression should take an argument.
src/lib/openswarm/decisionEngine.ts(170,51): error TS1005: ';' expected.
src/lib/openswarm/decisionEngine.ts(170,62): error TS1011: An element access expression should take an argument.
src/lib/openswarm/decisionEngine.ts(170,64): error TS1005: ';' expected.
src/lib/openswarm/decisionEngine.ts(185,3): error TS1128: Declaration or statement expected.
src/lib/openswarm/decisionEngine.ts(185,32): error TS1005: ',' expected.
src/lib/openswarm/decisionEngine.ts(185,43): error TS1011: An element access expression should take an argument.
src/lib/openswarm/decisionEngine.ts(185,45): error TS1005: ';' expected.
src/lib/openswarm/decisionEngine.ts(185,56): error TS1011: An element access expression should take an argument.
src/lib/openswarm/decisionEngine.ts(185,58): error TS1005: ';' expected.
src/lib/openswarm/decisionEngine.ts(198,3): error TS1128: Declaration or statement expected.
src/lib/openswarm/decisionEngine.ts(198,29): error TS1005: ',' expected.
src/lib/openswarm/decisionEngine.ts(198,40): error TS1005: ';' expected.
src/lib/openswarm/decisionEngine.ts(208,3): error TS1128: Declaration or statement expected.
src/lib/openswarm/decisionEngine.ts(208,30): error TS1005: ',' expected.
src/lib/openswarm/decisionEngine.ts(208,41): error TS1005: ';' expected.
src/lib/openswarm/decisionEngine.ts(208,65): error TS1005: ';' expected.
src/lib/openswarm/decisionEngine.ts(222,1): error TS1128: Declaration or statement expected.
src/lib/openswarm/pipelineEngine.ts(109,8): error TS1005: ',' expected.
src/lib/openswarm/pipelineEngine.ts(134,7): error TS1005: ',' expected.
src/lib/openswarm/pipelineEngine.ts(134,9): error TS1136: Property assignment expected.
src/lib/openswarm/pipelineEngine.ts(135,13): error TS1005: ';' expected.
src/lib/openswarm/pipelineEngine.ts(137,18): error TS1005: ';' expected.
src/lib/openswarm/pipelineEngine.ts(138,21): error TS1005: ';' expected.
src/lib/openswarm/pipelineEngine.ts(139,18): error TS1005: ';' expected.
src/lib/openswarm/pipelineEngine.ts(140,5): error TS1109: Expression expected.
src/lib/openswarm/pipelineEngine.ts(140,6): error TS1128: Declaration or statement expected.
src/lib/openswarm/pipelineEngine.ts(142,1): error TS1128: Declaration or statement expected.
src/lib/openswarm/pipelineEngine.ts(319,13): error TS1005: ',' expected.
src/lib/openswarm/pipelineEngine.ts(406,9): error TS1005: ',' expected.
src/lib/openswarm/realPipeline.ts(112,14): error TS1005: ';' expected.
src/lib/openswarm/realPipeline.ts(113,19): error TS1005: ';' expected.
src/lib/openswarm/realPipeline.ts(114,21): error TS1005: ';' expected.
src/lib/openswarm/realPipeline.ts(115,25): error TS1005: ';' expected.
src/lib/openswarm/realPipeline.ts(116,3): error TS1109: Expression expected.
src/lib/openswarm/realPipeline.ts(125,1): error TS1128: Declaration or statement expected.
src/lib/openswarm/swarmOrchestrator.ts(158,13): error TS1128: Declaration or statement expected.
src/lib/openswarm/swarmOrchestrator.ts(178,9): error TS1128: Declaration or statement expected.
src/lib/openswarm/swarmOrchestrator.ts(185,11): error TS1128: Declaration or statement expected.
src/lib/openswarm/swarmOrchestrator.ts(213,11): error TS1128: Declaration or statement expected.
src/lib/openswarm/swarmOrchestrator.ts(234,15): error TS1128: Declaration or statement expected.
